error: Error while evaluating INCLUDE
 --> tests/cases/error/error_missing_include_level_2.rapt:1:1
  |
1 | INCLUDE error_missing_include
  | ^^^^^^^^^^^^^^^^^^^^^^^^^^^^^ (included here)
2 |
  |
error: Error while loading source file
 --> tests/cases/error/error_missing_include.rinc:1:1
  |
1 | INCLUDE missing_file
  | ^^^^^^^^^^^^^^^^^^^^ Could not open [tests/cases/error/missing_file.rinc]: No such file or directory (os error 2)
2 |
  |
